[?25l[?2004h  ralphglasses   Repos[K
 1: Repos   2: Sessions   3: Teams   4: Fleet [K
[K
Name ▲                   Status     Loop   Calls         Budget          Progress    CB         Health       Updated  [K
──────────────────────── ────────── ────── ───────────── ─────────────── ─────────── ────────── ──────────── ─────────[K
  No repos found — press r to scan[K
[K
  NORMAL   0   0   0   $0.00                                                                                       
 5m                                                                                                                     [2K[?2004l[?25h[?1002l[?1003l[?1006l