[>4m[=0;1u[?1049h[?25l[?2004h[?1002h[?1006h[>4;2m[=1;1u[H[2J  ralphglasses   Repos
 1: Repos   2: Sessions   3: Teams   4: Fleet

Name ▲[40X[4;47H Status     Loop   Budget[20X[4;92H Health       Updated[K
────────────────────────────────────────────── ────────── ────── ────────────────────────── ──────────── ───────────────
[ ]ralphglasses[34X[6;50H ⣾ running 0      -[25X[6;95H —            -[K
[ ]mcpkit[40X[7;50H · idle    0      -[25X[7;95H —            -[K
[ ]hg-mcp[41X[8;51H· complet 0      -[26X[8;96H—            -

  NORMAL│ 0/0│ $0.00│ 5m[K[>4m[=0;1u[40d[?1049l[?25h[?2004l[?1002l[?1003l[?1006l[?2026$p[?2027$p