  ralphglasses   Repos
 1: Repos   2: Sessions   3: Teams   4: Fleet

Name ▲                                       Status     Loop   Budget                    Health       Updated
──────────────────────────────────────────── ────────── ────── ───────────────────────── ──────────── ──────────────
[ ]ralphglasses                                 ⣾ running 0      -                         —            -
[ ]mcpkit                                       · idle    0      -                         —            -
[ ]hg-mcp                                       · complet 0      -                         —            -

  NORMAL│ 0/0│ $0.00│ 5m
