  ralphglasses   Repos
 1: Repos   2: Sessions   3: Teams   4: Fleet

Name ▲                                         Status     Loop   Budget                     Health       Updated
────────────────────────────────────────────── ────────── ────── ────────────────────────── ──────────── ───────────────
  No repos found — press r to scan

  NORMAL│ 0/0│ $0.00│ 5m
