[?25l[?2004h  ralphglasses   Repos › Help[K
 1: Repos   2: Sessions   3: Teams   4: Fleet [K
[K
   Ralphglasses Help                                                                                                   
                                                                                                                        
  Navigation                                                                                                            
    1                   Repos tab                                                                                       
    2                   Sessions tab                                                                                    
    3                   Teams tab                                                                                       
    4                   Fleet dashboard                                                                                 
                                                                                                                        
  Global                                                                                                                
    q / Ctrl+C          Quit                                                                                            
    :                   Command mode                                                                                    
    /                   Filter mode                                                                                     
    Ctrl+F              Global search                                                                                   
    ?                   Toggle help                                                                                     
    Esc                 Back / cancel                                                                                   
    r                   Refresh                                                                                         
    e                   Event log                                                                                       
                                                                                                                        
  Loop List                                                                                                             
    l                   Loop list                                                                                       
    s                   Start loop for repo                                                                             
    x / d               Stop selected loop                                                                              
    p                   Pause / resume loop                                                                             
                                                                                                                        
  Loop Detail                                                                                                           
    s                   Step loop once                                                                                  
    r                   Toggle run/stop                                                                                 
    p                   Pause / resume                                                                                  
                                                                                                                        
  Loop Control                                                                                                          
    C                   Loop control panel                                                                              
    s                   Force step iteration                                                                            
    r                   Toggle run/stop                                                                                 
    p                   Pause / resume                                                                                  
                                                                                                                        
  Repos Table                                                                                                           
  NORMAL │  0/0 │  $0.00 │  5m                                                                                       [2K[?2004l[?25h[?1002l[?1003l[?1006l